﻿[dotenv@17.2.4] injecting env (8) from .env -- tip: ΓÜÖ∩╕Å  suppress all logs with { quiet: true }
node : Error caught: 
ApiError: {"error":{"mes
sage":"{\n  \"error\": 
{\n    \"code\": 429,\n 
   \"message\": \"You 
exceeded your current 
quota, please check 
your plan and billing 
details. For more 
information on this 
error, head to: https://
ai.google.dev/gemini-api
/docs/rate-limits. To 
monitor your current 
usage, head to: https://
ai.dev/rate-limit. \\n* 
Quota exceeded for 
metric: generativelangua
ge.googleapis.com/genera
te_content_free_tier_req
uests, limit: 20, 
model: gemini-2.5-flash\
\nPlease retry in 
2.76520124s.\",\n    
\"status\": \"RESOURCE_E
XHAUSTED\",\n    
\"details\": [\n      
{\n        \"@type\": \"
type.googleapis.com/goog
le.rpc.Help\",\n        
\"links\": [\n          
{\n            
\"description\": 
\"Learn more about 
Gemini API quotas\",\n  
          \"url\": \"htt
ps://ai.google.dev/gemin
i-api/docs/rate-limits\"
\n          }\n        
]\n      },\n      {\n  
      \"@type\": \"type.
googleapis.com/google.rp
c.QuotaFailure\",\n     
   \"violations\": [\n  
        {\n            
\"quotaMetric\": \"gener
ativelanguage.googleapis
.com/generate_content_fr
ee_tier_requests\",\n   
         \"quotaId\": \"
GenerateRequestsPerDayPe
rProjectPerModel-FreeTie
r\",\n            
\"quotaDimensions\": 
{\n              
\"model\": 
\"gemini-2.5-flash\",\n 
             
\"location\": 
\"global\"\n            
},\n            
\"quotaValue\": 
\"20\"\n          }\n   
     ]\n      },\n      
{\n        \"@type\": \"
type.googleapis.com/goog
le.rpc.RetryInfo\",\n   
     \"retryDelay\": 
\"2s\"\n      }\n    
]\n  }\n}\n","code":429,
"status":"Too Many 
Requests"}}
At line:1 char:1
+ node test_gemini.js > 
test_output.txt 2>&1
+ ~~~~~~~~~~~~~~~~~~~~~~
~~~~~~~~~~~~~~~~~~~~
    + CategoryInfo      
        : NotSpecified  
  : (Error caught: A.   
 ..any Requests"}}:S    
tring) [], RemoteEx    
ception
    + FullyQualifiedErr 
   orId : NativeComman  
  dError
 
    at 
throwErrorIfNotOK (E:\PR
OJECTS\shree.in\server\n
ode_modules\@google\gena
i\dist\node\index.cjs:12
713:30)
    at process.processTi
cksAndRejections (node:i
nternal/process/task_que
ues:105:5)
    at async E:\PROJECTS
\shree.in\server\node_mo
dules\@google\genai\dist
\node\index.cjs:12431:13
    at async Models.gene
rateContentStream (E:\PR
OJECTS\shree.in\server\n
ode_modules\@google\gena
i\dist\node\index.cjs:13
910:24)
    at async test (E:\PR
OJECTS\shree.in\server\t
est_gemini.js:42:28) {
  status: 429
}
